C:\Users\Administrator\Desktop\actual project\online-banking-app\serverside\src\main\java\com\onlinebanking\serverside\service\CustomerService.java
C:\Users\Administrator\Desktop\actual project\online-banking-app\serverside\src\main\java\com\onlinebanking\serverside\service\LoginService.java
C:\Users\Administrator\Desktop\actual project\online-banking-app\serverside\src\main\java\com\onlinebanking\serverside\dao\AccRepository.java
C:\Users\Administrator\Desktop\actual project\online-banking-app\serverside\src\main\java\com\onlinebanking\serverside\exceptions\AccountNotFoundException.java
C:\Users\Administrator\Desktop\actual project\online-banking-app\serverside\src\main\java\com\onlinebanking\serverside\controller\CustomerController.java
C:\Users\Administrator\Desktop\actual project\online-banking-app\serverside\src\main\java\com\onlinebanking\serverside\service\AccountService.java
C:\Users\Administrator\Desktop\actual project\online-banking-app\serverside\src\main\java\com\onlinebanking\serverside\model\Transaction.java
C:\Users\Administrator\Desktop\actual project\online-banking-app\serverside\src\main\java\com\onlinebanking\serverside\controller\AccountController.java
C:\Users\Administrator\Desktop\actual project\online-banking-app\serverside\src\main\java\com\onlinebanking\serverside\model\Login.java
C:\Users\Administrator\Desktop\actual project\online-banking-app\serverside\src\main\java\com\onlinebanking\serverside\exceptions\InvalidTransactionException.java
C:\Users\Administrator\Desktop\actual project\online-banking-app\serverside\src\main\java\com\onlinebanking\serverside\controller\TransactionController.java
C:\Users\Administrator\Desktop\actual project\online-banking-app\serverside\src\main\java\com\onlinebanking\serverside\ServersideApplication.java
C:\Users\Administrator\Desktop\actual project\online-banking-app\serverside\src\main\java\com\onlinebanking\serverside\exceptions\CustomerNotFoundException.java
C:\Users\Administrator\Desktop\actual project\online-banking-app\serverside\src\main\java\com\onlinebanking\serverside\dao\CustomerRepository.java
C:\Users\Administrator\Desktop\actual project\online-banking-app\serverside\src\main\java\com\onlinebanking\serverside\dao\TransactionRepository.java
C:\Users\Administrator\Desktop\actual project\online-banking-app\serverside\src\main\java\com\onlinebanking\serverside\model\Account.java
C:\Users\Administrator\Desktop\actual project\online-banking-app\serverside\src\main\java\com\onlinebanking\serverside\exceptions\NoDataFoundExcepction.java
C:\Users\Administrator\Desktop\actual project\online-banking-app\serverside\src\main\java\com\onlinebanking\serverside\model\Customer.java
C:\Users\Administrator\Desktop\actual project\online-banking-app\serverside\src\main\java\com\onlinebanking\serverside\dao\LoginRepository.java
C:\Users\Administrator\Desktop\actual project\online-banking-app\serverside\src\main\java\com\onlinebanking\serverside\service\TransactionService.java
